File /home/cps710/public_html/doc/Now/A4/Tests/6Ba2-comparisons.hl not found.
